* ******************************************************************************

* iCEcube Report

* Version:            2020.12.27943

* Build Date:         Dec  9 2020 17:31:51

* File Generated:     May 7 2022 21:32:17

* Purpose:            General info of design implementation

* Copyright (C) 2006-2010 by Lattice Semiconductor Corp. All rights reserved.

* ******************************************************************************

Synthesis/Placement Summary:
----------------------------
    Status:  Successful
    Runtime: 1 seconds

Device Info:
------------
    Device Family: iCE40
    Device:        iCE40HX1K
    Package:       VQ100

Design statistics:
------------------
    FFs:                  0
    LUTs:                 0
    RAMs:                 0
    IOBs:                 8
    GBs:                  0
    PLLs:                 0
    Warm Boots:           0

Logic Resource Utilization:
---------------------------
    Total Logic Cells: 0/1280
        Combinational Logic Cells: 0        out of   1280      0%
        Sequential Logic Cells:    0        out of   1280      0%
        Logic Tiles:               0        out of   160       0%
    Registers: 
        Logic Registers:           0        out of   1280      0%
        IO Registers:              0        out of   560       0
    Block RAMs:                    0        out of   16        0%
    Warm Boots:                    0        out of   1         0%
    Pins:
        Input Pins:                4        out of   72        5.55556%
        Output Pins:               4        out of   72        5.55556%
        InOut Pins:                0        out of   72        0%
    Global Buffers:                0        out of   8         0%
    PLLs:                          0        out of   0       

IO Bank Utilization:
--------------------
    Bank 3: 0        out of   18        0%
    Bank 1: 8        out of   19        42.1053%
    Bank 0: 0        out of   19        0%
    Bank 2: 0        out of   16        0%

Detailed I/O Info:
------------------
    Input Pins: 
    Pin Number  Direction  IO Standard  Pull Up  IO Bank  IO Function    Signal Name 
    ----------  ---------  -----------  -------  -------  -----------    ----------- 
    51          Input      SB_LVCMOS    No       1        Simple Input   i_Switch_2  
    52          Input      SB_LVCMOS    No       1        Simple Input   i_Switch_4  
    53          Input      SB_LVCMOS    No       1        Simple Input   i_Switch_1  
    54          Input      SB_LVCMOS    No       1        Simple Input   i_Switch_3  

    Output Pins: 
    Pin Number  Direction  IO Standard  Pull Up  IO Bank  IO Function    Signal Name 
    ----------  ---------  -----------  -------  -------  -----------    ----------- 
    56          Output     SB_LVCMOS    No       1        Simple Output  o_LED_1     
    57          Output     SB_LVCMOS    No       1        Simple Output  o_LED_2     
    59          Output     SB_LVCMOS    No       1        Simple Output  o_LED_3     
    60          Output     SB_LVCMOS    No       1        Simple Output  o_LED_4     



Router Summary:
---------------
    Status:  Successful
    Runtime: 3 seconds

Routing Resource Utilization:
-----------------------------
              Local line of tile       12 out of  28666      0.0418614%
                          Span 4        6 out of   6944      0.0864055%
      Vertical Inter-LUT Connect        0 out of   1120      0%

